// Jest Snapshot v1, https://goo.gl/fbAQLP

exports[`<Counter /> should match snapshot 1`] = `
<div>
  <span
    class="css-1vx789d"
  >
    11
  </span>
</div>
`;
